[      93ms] [ERROR] Failed to load resource: the server responded with a status of 404 (Not Found) @ http://127.0.0.1:8000/static/css/asistente.css:0
[      94ms] [ERROR] Failed to load resource: the server responded with a status of 404 (Not Found) @ http://127.0.0.1:8000/static/app/css/chat.css:0
[      95ms] [ERROR] Failed to load resource: the server responded with a status of 404 (Not Found) @ http://127.0.0.1:8000/static/app/js/scrpt.js:0
[      96ms] TypeError: Cannot read properties of null (reading 'addEventListener')
    at http://127.0.0.1:8000/static/app/js/menu.js:3:9
[     113ms] TypeError: Cannot read properties of null (reading 'addEventListener')
    at HTMLDocument.<anonymous> (http://127.0.0.1:8000/static/app/js/asistente.js:40:15)
[ -104187ms] [WARNING] WARNING: Too many active WebGL contexts. Oldest context will be lost. @ :0
[ -104177ms] [WARNING] WARNING: Too many active WebGL contexts. Oldest context will be lost. @ :0
[ -104149ms] [WARNING] WARNING: Too many active WebGL contexts. Oldest context will be lost. @ :0
[ -104010ms] [WARNING] WARNING: Too many active WebGL contexts. Oldest context will be lost. @ :0
[ -104187ms] [WARNING] WARNING: Too many active WebGL contexts. Oldest context will be lost. @ :0
[ -104177ms] [WARNING] WARNING: Too many active WebGL contexts. Oldest context will be lost. @ :0
[ -104149ms] [WARNING] WARNING: Too many active WebGL contexts. Oldest context will be lost. @ :0
[ -104010ms] [WARNING] WARNING: Too many active WebGL contexts. Oldest context will be lost. @ :0
[ -104187ms] [WARNING] WARNING: Too many active WebGL contexts. Oldest context will be lost. @ :0
[ -104177ms] [WARNING] WARNING: Too many active WebGL contexts. Oldest context will be lost. @ :0
[ -104149ms] [WARNING] WARNING: Too many active WebGL contexts. Oldest context will be lost. @ :0
[ -104010ms] [WARNING] WARNING: Too many active WebGL contexts. Oldest context will be lost. @ :0
[ -104187ms] [WARNING] WARNING: Too many active WebGL contexts. Oldest context will be lost. @ :0
[ -104177ms] [WARNING] WARNING: Too many active WebGL contexts. Oldest context will be lost. @ :0
[ -104149ms] [WARNING] WARNING: Too many active WebGL contexts. Oldest context will be lost. @ :0
[ -104010ms] [WARNING] WARNING: Too many active WebGL contexts. Oldest context will be lost. @ :0
[ -104187ms] [WARNING] WARNING: Too many active WebGL contexts. Oldest context will be lost. @ :0
[ -104177ms] [WARNING] WARNING: Too many active WebGL contexts. Oldest context will be lost. @ :0
[ -104149ms] [WARNING] WARNING: Too many active WebGL contexts. Oldest context will be lost. @ :0
[ -104010ms] [WARNING] WARNING: Too many active WebGL contexts. Oldest context will be lost. @ :0
[ -104187ms] [WARNING] WARNING: Too many active WebGL contexts. Oldest context will be lost. @ :0
[ -104177ms] [WARNING] WARNING: Too many active WebGL contexts. Oldest context will be lost. @ :0
[ -104149ms] [WARNING] WARNING: Too many active WebGL contexts. Oldest context will be lost. @ :0
[ -104010ms] [WARNING] WARNING: Too many active WebGL contexts. Oldest context will be lost. @ :0
