[    8189ms] [ERROR] Refused to apply style from 'https://www.medidorinteligente.cl/estilos.css?v=2.1' because its MIME type ('text/html') is not a supported stylesheet MIME type, and strict MIME checking is enabled. @ https://www.medidorinteligente.cl/:0
[    8245ms] [ERROR] Failed to load resource: the server responded with a status of 404 () @ https://www.medidorinteligente.cl/static/app/js/asistente.js?v=2:0
[    8253ms] [ERROR] Refused to apply style from 'https://www.medidorinteligente.cl/static/css/asistente.css?v=2' because its MIME type ('text/html') is not a supported stylesheet MIME type, and strict MIME checking is enabled. @ https://www.medidorinteligente.cl/:25
[    8253ms] [ERROR] Refused to apply style from 'https://www.medidorinteligente.cl/static/app/css/chat.css?v=2' because its MIME type ('text/html') is not a supported stylesheet MIME type, and strict MIME checking is enabled. @ https://www.medidorinteligente.cl/:25
[    8254ms] [ERROR] Failed to load resource: the server responded with a status of 404 () @ https://www.medidorinteligente.cl/static/app/js/scrpt.js?v=2:0
[    8270ms] [ERROR] Failed to load resource: the server responded with a status of 404 () @ https://www.medidorinteligente.cl/static/app/app.js?v=2:0
[    8289ms] [ERROR] Refused to apply style from 'https://www.medidorinteligente.cl/estilos.css?v=2.1' because its MIME type ('text/html') is not a supported stylesheet MIME type, and strict MIME checking is enabled. @ https://www.medidorinteligente.cl/:25
[    8318ms] [ERROR] Refused to apply style from 'https://www.medidorinteligente.cl/static/app/css/chat.css?v=2' because its MIME type ('text/html') is not a supported stylesheet MIME type, and strict MIME checking is enabled. @ https://www.medidorinteligente.cl/:43
[    8345ms] [ERROR] Refused to apply style from 'https://www.medidorinteligente.cl/static/css/asistente.css?v=2' because its MIME type ('text/html') is not a supported stylesheet MIME type, and strict MIME checking is enabled. @ https://www.medidorinteligente.cl/:49
[    8345ms] [ERROR] Refused to execute script from 'https://www.medidorinteligente.cl/static/app/js/scrpt.js?v=2' because its MIME type ('text/html') is not executable, and strict MIME type checking is enabled. @ https://www.medidorinteligente.cl/:0
[    8346ms] TypeError: Cannot read properties of null (reading 'addEventListener')
    at https://www.medidorinteligente.cl/static/app/js/menu.js?v=2:3:9
[    8349ms] [ERROR] Refused to execute script from 'https://www.medidorinteligente.cl/static/app/js/asistente.js?v=2' because its MIME type ('text/html') is not executable, and strict MIME type checking is enabled. @ https://www.medidorinteligente.cl/:0
[    8349ms] [ERROR] Refused to execute script from 'https://www.medidorinteligente.cl/static/app/app.js?v=2' because its MIME type ('text/html') is not executable, and strict MIME type checking is enabled. @ https://www.medidorinteligente.cl/:0
[   10265ms] [ERROR] Refused to apply style from 'https://www.medidorinteligente.cl/nosotros/estilos.css?v=2.1' because its MIME type ('text/html') is not a supported stylesheet MIME type, and strict MIME checking is enabled. @ https://www.medidorinteligente.cl/nosotros/:25
[   10318ms] [ERROR] Refused to apply style from 'https://www.medidorinteligente.cl/static/app/css/chat.css?v=2' because its MIME type ('text/html') is not a supported stylesheet MIME type, and strict MIME checking is enabled. @ https://www.medidorinteligente.cl/nosotros/:43
[   10609ms] [ERROR] Failed to load resource: the server responded with a status of 404 () @ https://www.medidorinteligente.cl/static/app/js/scrpt.js?v=2:0
[   10633ms] [ERROR] Failed to load resource: the server responded with a status of 404 () @ https://www.medidorinteligente.cl/static/app/js/asistente.js?v=2:0
[   10634ms] [ERROR] Refused to apply style from 'https://www.medidorinteligente.cl/static/css/asistente.css?v=2' because its MIME type ('text/html') is not a supported stylesheet MIME type, and strict MIME checking is enabled. @ https://www.medidorinteligente.cl/nosotros/:49
[   10634ms] [ERROR] Failed to load resource: the server responded with a status of 404 () @ https://www.medidorinteligente.cl/static/app/app.js?v=2:0
[   10635ms] [ERROR] Refused to execute script from 'https://www.medidorinteligente.cl/static/app/js/scrpt.js?v=2' because its MIME type ('text/html') is not executable, and strict MIME type checking is enabled. @ https://www.medidorinteligente.cl/nosotros/:0
[   10635ms] TypeError: Cannot read properties of null (reading 'addEventListener')
    at https://www.medidorinteligente.cl/static/app/js/menu.js?v=2:3:9
[   10637ms] [ERROR] Refused to execute script from 'https://www.medidorinteligente.cl/static/app/js/asistente.js?v=2' because its MIME type ('text/html') is not executable, and strict MIME type checking is enabled. @ https://www.medidorinteligente.cl/nosotros/:0
[   10637ms] [ERROR] Refused to execute script from 'https://www.medidorinteligente.cl/static/app/app.js?v=2' because its MIME type ('text/html') is not executable, and strict MIME type checking is enabled. @ https://www.medidorinteligente.cl/nosotros/:0
[   11250ms] [WARNING] Failed to execute 'postMessage' on 'DOMWindow': The target origin provided ('https://www.youtube.com') does not match the recipient window's origin ('https://www.medidorinteligente.cl'). @ https://www.youtube.com/s/player/66a6ea83/www-widgetapi.vflset/www-widgetapi.js:162
[   11254ms] [WARNING] Failed to execute 'postMessage' on 'DOMWindow': The target origin provided ('https://www.youtube.com') does not match the recipient window's origin ('https://www.medidorinteligente.cl'). @ https://www.youtube.com/s/player/66a6ea83/www-widgetapi.vflset/www-widgetapi.js:162
[   11254ms] [WARNING] Failed to execute 'postMessage' on 'DOMWindow': The target origin provided ('https://www.youtube.com') does not match the recipient window's origin ('https://www.medidorinteligente.cl'). @ https://www.youtube.com/s/player/66a6ea83/www-widgetapi.vflset/www-widgetapi.js:162
[   11254ms] [WARNING] Failed to execute 'postMessage' on 'DOMWindow': The target origin provided ('https://www.youtube.com') does not match the recipient window's origin ('https://www.medidorinteligente.cl'). @ https://www.youtube.com/s/player/66a6ea83/www-widgetapi.vflset/www-widgetapi.js:162
[   11254ms] [WARNING] Failed to execute 'postMessage' on 'DOMWindow': The target origin provided ('https://www.youtube.com') does not match the recipient window's origin ('https://www.medidorinteligente.cl'). @ https://www.youtube.com/s/player/66a6ea83/www-widgetapi.vflset/www-widgetapi.js:162
[   12044ms] [ERROR] Permissions policy violation: compute-pressure is not allowed in this document. @ https://www.youtube.com/s/player/66a6ea83/player_embed_es6.vflset/es_MX/base.js:5211
[   12863ms] [ERROR] Permissions policy violation: compute-pressure is not allowed in this document. @ https://www.youtube.com/s/player/66a6ea83/player_embed_es6.vflset/es_MX/base.js:5211
[   12925ms] [ERROR] Permissions policy violation: compute-pressure is not allowed in this document. @ https://www.youtube.com/s/player/66a6ea83/player_embed_es6.vflset/es_MX/base.js:5211
[   13993ms] [ERROR] Failed to load resource: the server responded with a status of 500 () @ https://www.medidorinteligente.cl/favicon.ico:0
[   14696ms] [WARNING] WARNING: Too many active WebGL contexts. Oldest context will be lost. @ :0
[   14715ms] [WARNING] WARNING: Too many active WebGL contexts. Oldest context will be lost. @ :0
